CRITICAL - 2026-06-14 05:13:59 --> CodeIgniter\View\Exceptions\ViewException: Invalid file: "App\Modules\Produk\Views\katalog_section.php"
[Method: GET, Route: /]
in SYSTEMPATH\Exceptions\FrameworkException.php on line 39.
 1 SYSTEMPATH\View\View.php(228): CodeIgniter\Exceptions\FrameworkException::forInvalidFile('App\\Modules\\Produk\\Views\\katalog_section.php')
 2 SYSTEMPATH\Common.php(1250): CodeIgniter\View\View->render('App\\Modules\\Produk\\Views\\katalog_section', [], true)
 3 APPPATH\Modules\Katalog\Views\katalog_section.php(62): view('App\\Modules\\Produk\\Views\\katalog_section', [...])
 4 SYSTEMPATH\View\View.php(240): include('C:\\xampp\\htdocs\\drydaugh\\app\\Modules\\Katalog\\Views\\katalog_section.php')
 5 SYSTEMPATH\View\View.php(243): CodeIgniter\View\View->CodeIgniter\View\{closure}()
 6 SYSTEMPATH\Common.php(1250): CodeIgniter\View\View->render('App\\Modules\\Katalog\\Views\\katalog_section', [], true)
 7 APPPATH\Modules\Beranda\Views\index.php(399): view('App\\Modules\\Katalog\\Views\\katalog_section', [...])
 8 SYSTEMPATH\View\View.php(240): include('C:\\xampp\\htdocs\\drydaugh\\app\\Modules\\Beranda\\Views\\index.php')
 9 SYSTEMPATH\View\View.php(243): CodeIgniter\View\View->CodeIgniter\View\{closure}()
10 SYSTEMPATH\Common.php(1250): CodeIgniter\View\View->render('App\\Modules\\Beranda\\Views\\index', [], true)
11 APPPATH\Modules\Beranda\Controllers\Beranda.php(18): view('App\\Modules\\Beranda\\Views\\index', [...])
12 SYSTEMPATH\CodeIgniter.php(951): App\Modules\Beranda\Controllers\Beranda->index()
13 SYSTEMPATH\CodeIgniter.php(497): CodeIgniter\CodeIgniter->runController(Object(App\Modules\Beranda\Controllers\Beranda))
14 SYSTEMPATH\CodeIgniter.php(340): CodeIgniter\CodeIgniter->handleRequest(null, Object(Config\Cache), false)
15 SYSTEMPATH\Boot.php(417): CodeIgniter\CodeIgniter->run()
16 SYSTEMPATH\Boot.php(68): CodeIgniter\Boot::runCodeIgniter(Object(CodeIgniter\CodeIgniter))
17 FCPATH\index.php(59): CodeIgniter\Boot::bootWeb(Object(Config\Paths))
18 SYSTEMPATH\rewrite.php(44): require_once('C:\\xampp\\htdocs\\drydaugh\\public\\index.php')
CRITICAL - 2026-06-14 05:14:04 --> CodeIgniter\View\Exceptions\ViewException: Invalid file: "App\Modules\Produk\Views\katalog_section.php"
[Method: GET, Route: /]
in SYSTEMPATH\Exceptions\FrameworkException.php on line 39.
 1 SYSTEMPATH\View\View.php(228): CodeIgniter\Exceptions\FrameworkException::forInvalidFile('App\\Modules\\Produk\\Views\\katalog_section.php')
 2 SYSTEMPATH\Common.php(1250): CodeIgniter\View\View->render('App\\Modules\\Produk\\Views\\katalog_section', [], true)
 3 APPPATH\Modules\Katalog\Views\katalog_section.php(62): view('App\\Modules\\Produk\\Views\\katalog_section', [...])
 4 SYSTEMPATH\View\View.php(240): include('C:\\xampp\\htdocs\\drydaugh\\app\\Modules\\Katalog\\Views\\katalog_section.php')
 5 SYSTEMPATH\View\View.php(243): CodeIgniter\View\View->CodeIgniter\View\{closure}()
 6 SYSTEMPATH\Common.php(1250): CodeIgniter\View\View->render('App\\Modules\\Katalog\\Views\\katalog_section', [], true)
 7 APPPATH\Modules\Beranda\Views\index.php(399): view('App\\Modules\\Katalog\\Views\\katalog_section', [...])
 8 SYSTEMPATH\View\View.php(240): include('C:\\xampp\\htdocs\\drydaugh\\app\\Modules\\Beranda\\Views\\index.php')
 9 SYSTEMPATH\View\View.php(243): CodeIgniter\View\View->CodeIgniter\View\{closure}()
10 SYSTEMPATH\Common.php(1250): CodeIgniter\View\View->render('App\\Modules\\Beranda\\Views\\index', [], true)
11 APPPATH\Modules\Beranda\Controllers\Beranda.php(18): view('App\\Modules\\Beranda\\Views\\index', [...])
12 SYSTEMPATH\CodeIgniter.php(951): App\Modules\Beranda\Controllers\Beranda->index()
13 SYSTEMPATH\CodeIgniter.php(497): CodeIgniter\CodeIgniter->runController(Object(App\Modules\Beranda\Controllers\Beranda))
14 SYSTEMPATH\CodeIgniter.php(340): CodeIgniter\CodeIgniter->handleRequest(null, Object(Config\Cache), false)
15 SYSTEMPATH\Boot.php(417): CodeIgniter\CodeIgniter->run()
16 SYSTEMPATH\Boot.php(68): CodeIgniter\Boot::runCodeIgniter(Object(CodeIgniter\CodeIgniter))
17 FCPATH\index.php(59): CodeIgniter\Boot::bootWeb(Object(Config\Paths))
18 SYSTEMPATH\rewrite.php(44): require_once('C:\\xampp\\htdocs\\drydaugh\\public\\index.php')
CRITICAL - 2026-06-14 05:14:09 --> CodeIgniter\View\Exceptions\ViewException: Invalid file: "App\Modules\Produk\Views\katalog_section.php"
[Method: GET, Route: /]
in SYSTEMPATH\Exceptions\FrameworkException.php on line 39.
 1 SYSTEMPATH\View\View.php(228): CodeIgniter\Exceptions\FrameworkException::forInvalidFile('App\\Modules\\Produk\\Views\\katalog_section.php')
 2 SYSTEMPATH\Common.php(1250): CodeIgniter\View\View->render('App\\Modules\\Produk\\Views\\katalog_section', [], true)
 3 APPPATH\Modules\Katalog\Views\katalog_section.php(62): view('App\\Modules\\Produk\\Views\\katalog_section', [...])
 4 SYSTEMPATH\View\View.php(240): include('C:\\xampp\\htdocs\\drydaugh\\app\\Modules\\Katalog\\Views\\katalog_section.php')
 5 SYSTEMPATH\View\View.php(243): CodeIgniter\View\View->CodeIgniter\View\{closure}()
 6 SYSTEMPATH\Common.php(1250): CodeIgniter\View\View->render('App\\Modules\\Katalog\\Views\\katalog_section', [], true)
 7 APPPATH\Modules\Beranda\Views\index.php(399): view('App\\Modules\\Katalog\\Views\\katalog_section', [...])
 8 SYSTEMPATH\View\View.php(240): include('C:\\xampp\\htdocs\\drydaugh\\app\\Modules\\Beranda\\Views\\index.php')
 9 SYSTEMPATH\View\View.php(243): CodeIgniter\View\View->CodeIgniter\View\{closure}()
10 SYSTEMPATH\Common.php(1250): CodeIgniter\View\View->render('App\\Modules\\Beranda\\Views\\index', [], true)
11 APPPATH\Modules\Beranda\Controllers\Beranda.php(18): view('App\\Modules\\Beranda\\Views\\index', [...])
12 SYSTEMPATH\CodeIgniter.php(951): App\Modules\Beranda\Controllers\Beranda->index()
13 SYSTEMPATH\CodeIgniter.php(497): CodeIgniter\CodeIgniter->runController(Object(App\Modules\Beranda\Controllers\Beranda))
14 SYSTEMPATH\CodeIgniter.php(340): CodeIgniter\CodeIgniter->handleRequest(null, Object(Config\Cache), false)
15 SYSTEMPATH\Boot.php(417): CodeIgniter\CodeIgniter->run()
16 SYSTEMPATH\Boot.php(68): CodeIgniter\Boot::runCodeIgniter(Object(CodeIgniter\CodeIgniter))
17 FCPATH\index.php(59): CodeIgniter\Boot::bootWeb(Object(Config\Paths))
18 SYSTEMPATH\rewrite.php(44): require_once('C:\\xampp\\htdocs\\drydaugh\\public\\index.php')
CRITICAL - 2026-06-14 05:14:12 --> CodeIgniter\View\Exceptions\ViewException: Invalid file: "App\Modules\Produk\Views\katalog_section.php"
[Method: GET, Route: /]
in SYSTEMPATH\Exceptions\FrameworkException.php on line 39.
 1 SYSTEMPATH\View\View.php(228): CodeIgniter\Exceptions\FrameworkException::forInvalidFile('App\\Modules\\Produk\\Views\\katalog_section.php')
 2 SYSTEMPATH\Common.php(1250): CodeIgniter\View\View->render('App\\Modules\\Produk\\Views\\katalog_section', [], true)
 3 APPPATH\Modules\Katalog\Views\katalog_section.php(62): view('App\\Modules\\Produk\\Views\\katalog_section', [...])
 4 SYSTEMPATH\View\View.php(240): include('C:\\xampp\\htdocs\\drydaugh\\app\\Modules\\Katalog\\Views\\katalog_section.php')
 5 SYSTEMPATH\View\View.php(243): CodeIgniter\View\View->CodeIgniter\View\{closure}()
 6 SYSTEMPATH\Common.php(1250): CodeIgniter\View\View->render('App\\Modules\\Katalog\\Views\\katalog_section', [], true)
 7 APPPATH\Modules\Beranda\Views\index.php(399): view('App\\Modules\\Katalog\\Views\\katalog_section', [...])
 8 SYSTEMPATH\View\View.php(240): include('C:\\xampp\\htdocs\\drydaugh\\app\\Modules\\Beranda\\Views\\index.php')
 9 SYSTEMPATH\View\View.php(243): CodeIgniter\View\View->CodeIgniter\View\{closure}()
10 SYSTEMPATH\Common.php(1250): CodeIgniter\View\View->render('App\\Modules\\Beranda\\Views\\index', [], true)
11 APPPATH\Modules\Beranda\Controllers\Beranda.php(18): view('App\\Modules\\Beranda\\Views\\index', [...])
12 SYSTEMPATH\CodeIgniter.php(951): App\Modules\Beranda\Controllers\Beranda->index()
13 SYSTEMPATH\CodeIgniter.php(497): CodeIgniter\CodeIgniter->runController(Object(App\Modules\Beranda\Controllers\Beranda))
14 SYSTEMPATH\CodeIgniter.php(340): CodeIgniter\CodeIgniter->handleRequest(null, Object(Config\Cache), false)
15 SYSTEMPATH\Boot.php(417): CodeIgniter\CodeIgniter->run()
16 SYSTEMPATH\Boot.php(68): CodeIgniter\Boot::runCodeIgniter(Object(CodeIgniter\CodeIgniter))
17 FCPATH\index.php(59): CodeIgniter\Boot::bootWeb(Object(Config\Paths))
18 SYSTEMPATH\rewrite.php(44): require_once('C:\\xampp\\htdocs\\drydaugh\\public\\index.php')
CRITICAL - 2026-06-14 05:15:18 --> CodeIgniter\View\Exceptions\ViewException: Invalid file: "App\Modules\Produk\Views\katalog_section.php"
[Method: GET, Route: /]
in SYSTEMPATH\Exceptions\FrameworkException.php on line 39.
 1 SYSTEMPATH\View\View.php(228): CodeIgniter\Exceptions\FrameworkException::forInvalidFile('App\\Modules\\Produk\\Views\\katalog_section.php')
 2 SYSTEMPATH\Common.php(1250): CodeIgniter\View\View->render('App\\Modules\\Produk\\Views\\katalog_section', [], true)
 3 APPPATH\Modules\Katalog\Views\katalog_section.php(62): view('App\\Modules\\Produk\\Views\\katalog_section', [...])
 4 SYSTEMPATH\View\View.php(240): include('C:\\xampp\\htdocs\\drydaugh\\app\\Modules\\Katalog\\Views\\katalog_section.php')
 5 SYSTEMPATH\View\View.php(243): CodeIgniter\View\View->CodeIgniter\View\{closure}()
 6 SYSTEMPATH\Common.php(1250): CodeIgniter\View\View->render('App\\Modules\\Katalog\\Views\\katalog_section', [], true)
 7 APPPATH\Modules\Beranda\Views\index.php(404): view('App\\Modules\\Katalog\\Views\\katalog_section', [...])
 8 SYSTEMPATH\View\View.php(240): include('C:\\xampp\\htdocs\\drydaugh\\app\\Modules\\Beranda\\Views\\index.php')
 9 SYSTEMPATH\View\View.php(243): CodeIgniter\View\View->CodeIgniter\View\{closure}()
10 SYSTEMPATH\Common.php(1250): CodeIgniter\View\View->render('App\\Modules\\Beranda\\Views\\index', [], true)
11 APPPATH\Modules\Beranda\Controllers\Beranda.php(18): view('App\\Modules\\Beranda\\Views\\index', [...])
12 SYSTEMPATH\CodeIgniter.php(951): App\Modules\Beranda\Controllers\Beranda->index()
13 SYSTEMPATH\CodeIgniter.php(497): CodeIgniter\CodeIgniter->runController(Object(App\Modules\Beranda\Controllers\Beranda))
14 SYSTEMPATH\CodeIgniter.php(340): CodeIgniter\CodeIgniter->handleRequest(null, Object(Config\Cache), false)
15 SYSTEMPATH\Boot.php(417): CodeIgniter\CodeIgniter->run()
16 SYSTEMPATH\Boot.php(68): CodeIgniter\Boot::runCodeIgniter(Object(CodeIgniter\CodeIgniter))
17 FCPATH\index.php(59): CodeIgniter\Boot::bootWeb(Object(Config\Paths))
18 SYSTEMPATH\rewrite.php(44): require_once('C:\\xampp\\htdocs\\drydaugh\\public\\index.php')
CRITICAL - 2026-06-14 05:15:21 --> CodeIgniter\View\Exceptions\ViewException: Invalid file: "App\Modules\Produk\Views\katalog_section.php"
[Method: GET, Route: /]
in SYSTEMPATH\Exceptions\FrameworkException.php on line 39.
 1 SYSTEMPATH\View\View.php(228): CodeIgniter\Exceptions\FrameworkException::forInvalidFile('App\\Modules\\Produk\\Views\\katalog_section.php')
 2 SYSTEMPATH\Common.php(1250): CodeIgniter\View\View->render('App\\Modules\\Produk\\Views\\katalog_section', [], true)
 3 APPPATH\Modules\Katalog\Views\katalog_section.php(62): view('App\\Modules\\Produk\\Views\\katalog_section', [...])
 4 SYSTEMPATH\View\View.php(240): include('C:\\xampp\\htdocs\\drydaugh\\app\\Modules\\Katalog\\Views\\katalog_section.php')
 5 SYSTEMPATH\View\View.php(243): CodeIgniter\View\View->CodeIgniter\View\{closure}()
 6 SYSTEMPATH\Common.php(1250): CodeIgniter\View\View->render('App\\Modules\\Katalog\\Views\\katalog_section', [], true)
 7 APPPATH\Modules\Beranda\Views\index.php(404): view('App\\Modules\\Katalog\\Views\\katalog_section', [...])
 8 SYSTEMPATH\View\View.php(240): include('C:\\xampp\\htdocs\\drydaugh\\app\\Modules\\Beranda\\Views\\index.php')
 9 SYSTEMPATH\View\View.php(243): CodeIgniter\View\View->CodeIgniter\View\{closure}()
10 SYSTEMPATH\Common.php(1250): CodeIgniter\View\View->render('App\\Modules\\Beranda\\Views\\index', [], true)
11 APPPATH\Modules\Beranda\Controllers\Beranda.php(18): view('App\\Modules\\Beranda\\Views\\index', [...])
12 SYSTEMPATH\CodeIgniter.php(951): App\Modules\Beranda\Controllers\Beranda->index()
13 SYSTEMPATH\CodeIgniter.php(497): CodeIgniter\CodeIgniter->runController(Object(App\Modules\Beranda\Controllers\Beranda))
14 SYSTEMPATH\CodeIgniter.php(340): CodeIgniter\CodeIgniter->handleRequest(null, Object(Config\Cache), false)
15 SYSTEMPATH\Boot.php(417): CodeIgniter\CodeIgniter->run()
16 SYSTEMPATH\Boot.php(68): CodeIgniter\Boot::runCodeIgniter(Object(CodeIgniter\CodeIgniter))
17 FCPATH\index.php(59): CodeIgniter\Boot::bootWeb(Object(Config\Paths))
18 SYSTEMPATH\rewrite.php(44): require_once('C:\\xampp\\htdocs\\drydaugh\\public\\index.php')
DEBUG - 2026-06-14 05:19:55 --> Session: Class initialized using 'CodeIgniter\Session\Handlers\FileHandler' driver.
CRITICAL - 2026-06-14 05:19:55 --> CodeIgniter\View\Exceptions\ViewException: Invalid file: "App\Modules\Produk\Views\katalog_section.php"
[Method: GET, Route: /]
in SYSTEMPATH\Exceptions\FrameworkException.php on line 39.
 1 SYSTEMPATH\View\View.php(228): CodeIgniter\Exceptions\FrameworkException::forInvalidFile('App\\Modules\\Produk\\Views\\katalog_section.php')
 2 SYSTEMPATH\Common.php(1250): CodeIgniter\View\View->render('App\\Modules\\Produk\\Views\\katalog_section', [], true)
 3 APPPATH\Modules\Katalog\Views\katalog_section.php(62): view('App\\Modules\\Produk\\Views\\katalog_section', [...])
 4 SYSTEMPATH\View\View.php(240): include('C:\\xampp\\htdocs\\drydaugh\\app\\Modules\\Katalog\\Views\\katalog_section.php')
 5 SYSTEMPATH\View\View.php(243): CodeIgniter\View\View->CodeIgniter\View\{closure}()
 6 SYSTEMPATH\Common.php(1250): CodeIgniter\View\View->render('App\\Modules\\Katalog\\Views\\katalog_section', [], true)
 7 APPPATH\Modules\Beranda\Views\index.php(404): view('App\\Modules\\Katalog\\Views\\katalog_section', [...])
 8 SYSTEMPATH\View\View.php(240): include('C:\\xampp\\htdocs\\drydaugh\\app\\Modules\\Beranda\\Views\\index.php')
 9 SYSTEMPATH\View\View.php(243): CodeIgniter\View\View->CodeIgniter\View\{closure}()
10 SYSTEMPATH\Common.php(1250): CodeIgniter\View\View->render('App\\Modules\\Beranda\\Views\\index', [], true)
11 APPPATH\Modules\Beranda\Controllers\Beranda.php(18): view('App\\Modules\\Beranda\\Views\\index', [...])
12 SYSTEMPATH\CodeIgniter.php(951): App\Modules\Beranda\Controllers\Beranda->index()
13 SYSTEMPATH\CodeIgniter.php(497): CodeIgniter\CodeIgniter->runController(Object(App\Modules\Beranda\Controllers\Beranda))
14 SYSTEMPATH\CodeIgniter.php(340): CodeIgniter\CodeIgniter->handleRequest(null, Object(Config\Cache), false)
15 SYSTEMPATH\Boot.php(417): CodeIgniter\CodeIgniter->run()
16 SYSTEMPATH\Boot.php(68): CodeIgniter\Boot::runCodeIgniter(Object(CodeIgniter\CodeIgniter))
17 FCPATH\index.php(59): CodeIgniter\Boot::bootWeb(Object(Config\Paths))
18 SYSTEMPATH\rewrite.php(44): require_once('C:\\xampp\\htdocs\\drydaugh\\public\\index.php')
DEBUG - 2026-06-14 05:21:35 --> Session: Class initialized using 'CodeIgniter\Session\Handlers\FileHandler' driver.
CRITICAL - 2026-06-14 05:21:44 --> ErrorException: Allowed memory size of 536870912 bytes exhausted (tried to allocate 32768 bytes)
[Method: GET, Route: /]
in APPPATH\Modules\Katalog\Views\katalog_section.php on line 1.
 1 [internal function]: CodeIgniter\Debug\Exceptions->shutdownHandler()
DEBUG - 2026-06-14 05:24:21 --> Session: Class initialized using 'CodeIgniter\Session\Handlers\FileHandler' driver.
