DEBUG - 2026-06-15 01:20:11 --> Session: Class initialized using 'CodeIgniter\Session\Handlers\FileHandler' driver.
DEBUG - 2026-06-15 01:30:37 --> Session: Class initialized using 'CodeIgniter\Session\Handlers\FileHandler' driver.
DEBUG - 2026-06-15 01:30:47 --> Session: Class initialized using 'CodeIgniter\Session\Handlers\FileHandler' driver.
DEBUG - 2026-06-15 01:35:41 --> Session: Class initialized using 'CodeIgniter\Session\Handlers\FileHandler' driver.
DEBUG - 2026-06-15 01:39:19 --> Session: Class initialized using 'CodeIgniter\Session\Handlers\FileHandler' driver.
DEBUG - 2026-06-15 01:41:22 --> Session: Class initialized using 'CodeIgniter\Session\Handlers\FileHandler' driver.
WARNING - 2026-06-15 01:41:22 --> [DEPRECATED] substr(): Passing null to parameter #1 ($string) of type string is deprecated in APPPATH\Modules\Profil\Views\index.php on line 116.
 1 APPPATH\Modules\Profil\Views\index.php(116): substr(null, 0, 1)
 2 SYSTEMPATH\View\View.php(240): include('C:\\xampp\\htdocs\\Tugas-UAS-Pemweb\\app\\Modules\\Profil\\Views\\index.php')
 3 SYSTEMPATH\View\View.php(243): CodeIgniter\View\View->CodeIgniter\View\{closure}()
 4 SYSTEMPATH\Common.php(1250): CodeIgniter\View\View->render('App\\Modules\\Profil\\Views\\index', [], true)
 5 APPPATH\Modules\Profil\Controllers\Profil.php(34): view('App\\Modules\\Profil\\Views\\index', [...])
 6 SYSTEMPATH\CodeIgniter.php(951): App\Modules\Profil\Controllers\Profil->index()
 7 SYSTEMPATH\CodeIgniter.php(497): CodeIgniter\CodeIgniter->runController(Object(App\Modules\Profil\Controllers\Profil))
 8 SYSTEMPATH\CodeIgniter.php(340): CodeIgniter\CodeIgniter->handleRequest(null, Object(Config\Cache), false)
 9 SYSTEMPATH\Boot.php(417): CodeIgniter\CodeIgniter->run()
10 SYSTEMPATH\Boot.php(68): CodeIgniter\Boot::runCodeIgniter(Object(CodeIgniter\CodeIgniter))
11 FCPATH\index.php(59): CodeIgniter\Boot::bootWeb(Object(Config\Paths))
12 SYSTEMPATH\rewrite.php(44): require_once('C:\\xampp\\htdocs\\Tugas-UAS-Pemweb\\public\\index.php')
DEBUG - 2026-06-15 01:41:35 --> Session: Class initialized using 'CodeIgniter\Session\Handlers\FileHandler' driver.
DEBUG - 2026-06-15 01:54:05 --> Session: Class initialized using 'CodeIgniter\Session\Handlers\FileHandler' driver.
CRITICAL - 2026-06-15 01:54:05 --> CodeIgniter\View\Exceptions\ViewException: Invalid file: "\Modules\Kontak\Views\kontak.php"
[Method: GET, Route: beranda]
in SYSTEMPATH\Exceptions\FrameworkException.php on line 39.
 1 SYSTEMPATH\View\View.php(228): CodeIgniter\Exceptions\FrameworkException::forInvalidFile('\\Modules\\Kontak\\Views\\kontak.php')
 2 SYSTEMPATH\Common.php(1250): CodeIgniter\View\View->render('\\Modules\\Kontak\\Views\\kontak', [], true)
 3 APPPATH\Modules\Beranda\Views\index.php(721): view('\\Modules\\Kontak\\Views\\kontak')
 4 SYSTEMPATH\View\View.php(240): include('C:\\xampp\\htdocs\\Tugas-UAS-Pemweb\\app\\Modules\\Beranda\\Views\\index.php')
 5 SYSTEMPATH\View\View.php(243): CodeIgniter\View\View->CodeIgniter\View\{closure}()
 6 SYSTEMPATH\Common.php(1250): CodeIgniter\View\View->render('App\\Modules\\Beranda\\Views\\index', [], true)
 7 APPPATH\Modules\Beranda\Controllers\Beranda.php(24): view('App\\Modules\\Beranda\\Views\\index', [...])
 8 SYSTEMPATH\CodeIgniter.php(951): App\Modules\Beranda\Controllers\Beranda->index()
 9 SYSTEMPATH\CodeIgniter.php(497): CodeIgniter\CodeIgniter->runController(Object(App\Modules\Beranda\Controllers\Beranda))
10 SYSTEMPATH\CodeIgniter.php(340): CodeIgniter\CodeIgniter->handleRequest(null, Object(Config\Cache), false)
11 SYSTEMPATH\Boot.php(417): CodeIgniter\CodeIgniter->run()
12 SYSTEMPATH\Boot.php(68): CodeIgniter\Boot::runCodeIgniter(Object(CodeIgniter\CodeIgniter))
13 FCPATH\index.php(59): CodeIgniter\Boot::bootWeb(Object(Config\Paths))
14 SYSTEMPATH\rewrite.php(44): require_once('C:\\xampp\\htdocs\\Tugas-UAS-Pemweb\\public\\index.php')
DEBUG - 2026-06-15 01:55:34 --> Session: Class initialized using 'CodeIgniter\Session\Handlers\FileHandler' driver.
CRITICAL - 2026-06-15 01:55:34 --> CodeIgniter\View\Exceptions\ViewException: Invalid file: "Modules\Kontak\Views\kontak.php"
[Method: GET, Route: beranda]
in SYSTEMPATH\Exceptions\FrameworkException.php on line 39.
 1 SYSTEMPATH\View\View.php(228): CodeIgniter\Exceptions\FrameworkException::forInvalidFile('Modules\\Kontak\\Views\\kontak.php')
 2 SYSTEMPATH\Common.php(1250): CodeIgniter\View\View->render('Modules\\Kontak\\Views\\kontak', [], true)
 3 APPPATH\Modules\Beranda\Views\index.php(721): view('Modules\\Kontak\\Views\\kontak')
 4 SYSTEMPATH\View\View.php(240): include('C:\\xampp\\htdocs\\Tugas-UAS-Pemweb\\app\\Modules\\Beranda\\Views\\index.php')
 5 SYSTEMPATH\View\View.php(243): CodeIgniter\View\View->CodeIgniter\View\{closure}()
 6 SYSTEMPATH\Common.php(1250): CodeIgniter\View\View->render('App\\Modules\\Beranda\\Views\\index', [], true)
 7 APPPATH\Modules\Beranda\Controllers\Beranda.php(24): view('App\\Modules\\Beranda\\Views\\index', [...])
 8 SYSTEMPATH\CodeIgniter.php(951): App\Modules\Beranda\Controllers\Beranda->index()
 9 SYSTEMPATH\CodeIgniter.php(497): CodeIgniter\CodeIgniter->runController(Object(App\Modules\Beranda\Controllers\Beranda))
10 SYSTEMPATH\CodeIgniter.php(340): CodeIgniter\CodeIgniter->handleRequest(null, Object(Config\Cache), false)
11 SYSTEMPATH\Boot.php(417): CodeIgniter\CodeIgniter->run()
12 SYSTEMPATH\Boot.php(68): CodeIgniter\Boot::runCodeIgniter(Object(CodeIgniter\CodeIgniter))
13 FCPATH\index.php(59): CodeIgniter\Boot::bootWeb(Object(Config\Paths))
14 SYSTEMPATH\rewrite.php(44): require_once('C:\\xampp\\htdocs\\Tugas-UAS-Pemweb\\public\\index.php')
DEBUG - 2026-06-15 01:55:37 --> Session: Class initialized using 'CodeIgniter\Session\Handlers\FileHandler' driver.
CRITICAL - 2026-06-15 01:55:37 --> CodeIgniter\View\Exceptions\ViewException: Invalid file: "Modules\Kontak\Views\kontak.php"
[Method: GET, Route: beranda]
in SYSTEMPATH\Exceptions\FrameworkException.php on line 39.
 1 SYSTEMPATH\View\View.php(228): CodeIgniter\Exceptions\FrameworkException::forInvalidFile('Modules\\Kontak\\Views\\kontak.php')
 2 SYSTEMPATH\Common.php(1250): CodeIgniter\View\View->render('Modules\\Kontak\\Views\\kontak', [], true)
 3 APPPATH\Modules\Beranda\Views\index.php(721): view('Modules\\Kontak\\Views\\kontak')
 4 SYSTEMPATH\View\View.php(240): include('C:\\xampp\\htdocs\\Tugas-UAS-Pemweb\\app\\Modules\\Beranda\\Views\\index.php')
 5 SYSTEMPATH\View\View.php(243): CodeIgniter\View\View->CodeIgniter\View\{closure}()
 6 SYSTEMPATH\Common.php(1250): CodeIgniter\View\View->render('App\\Modules\\Beranda\\Views\\index', [], true)
 7 APPPATH\Modules\Beranda\Controllers\Beranda.php(24): view('App\\Modules\\Beranda\\Views\\index', [...])
 8 SYSTEMPATH\CodeIgniter.php(951): App\Modules\Beranda\Controllers\Beranda->index()
 9 SYSTEMPATH\CodeIgniter.php(497): CodeIgniter\CodeIgniter->runController(Object(App\Modules\Beranda\Controllers\Beranda))
10 SYSTEMPATH\CodeIgniter.php(340): CodeIgniter\CodeIgniter->handleRequest(null, Object(Config\Cache), false)
11 SYSTEMPATH\Boot.php(417): CodeIgniter\CodeIgniter->run()
12 SYSTEMPATH\Boot.php(68): CodeIgniter\Boot::runCodeIgniter(Object(CodeIgniter\CodeIgniter))
13 FCPATH\index.php(59): CodeIgniter\Boot::bootWeb(Object(Config\Paths))
14 SYSTEMPATH\rewrite.php(44): require_once('C:\\xampp\\htdocs\\Tugas-UAS-Pemweb\\public\\index.php')
DEBUG - 2026-06-15 01:57:43 --> Session: Class initialized using 'CodeIgniter\Session\Handlers\FileHandler' driver.
DEBUG - 2026-06-15 01:59:54 --> Session: Class initialized using 'CodeIgniter\Session\Handlers\FileHandler' driver.
DEBUG - 2026-06-15 02:35:12 --> Session: Class initialized using 'CodeIgniter\Session\Handlers\FileHandler' driver.
DEBUG - 2026-06-15 02:35:46 --> Session: Class initialized using 'CodeIgniter\Session\Handlers\FileHandler' driver.
DEBUG - 2026-06-15 02:35:46 --> Session: Class initialized using 'CodeIgniter\Session\Handlers\FileHandler' driver.
DEBUG - 2026-06-15 02:35:49 --> Session: Class initialized using 'CodeIgniter\Session\Handlers\FileHandler' driver.
DEBUG - 2026-06-15 02:36:03 --> Session: Class initialized using 'CodeIgniter\Session\Handlers\FileHandler' driver.
WARNING - 2026-06-15 02:36:03 --> [DEPRECATED] substr(): Passing null to parameter #1 ($string) of type string is deprecated in APPPATH\Modules\Profil\Views\index.php on line 116.
 1 APPPATH\Modules\Profil\Views\index.php(116): substr(null, 0, 1)
 2 SYSTEMPATH\View\View.php(240): include('C:\\xampp\\htdocs\\Tugas-UAS-Pemweb\\app\\Modules\\Profil\\Views\\index.php')
 3 SYSTEMPATH\View\View.php(243): CodeIgniter\View\View->CodeIgniter\View\{closure}()
 4 SYSTEMPATH\Common.php(1250): CodeIgniter\View\View->render('App\\Modules\\Profil\\Views\\index', [], true)
 5 APPPATH\Modules\Profil\Controllers\Profil.php(34): view('App\\Modules\\Profil\\Views\\index', [...])
 6 SYSTEMPATH\CodeIgniter.php(951): App\Modules\Profil\Controllers\Profil->index()
 7 SYSTEMPATH\CodeIgniter.php(497): CodeIgniter\CodeIgniter->runController(Object(App\Modules\Profil\Controllers\Profil))
 8 SYSTEMPATH\CodeIgniter.php(340): CodeIgniter\CodeIgniter->handleRequest(null, Object(Config\Cache), false)
 9 SYSTEMPATH\Boot.php(417): CodeIgniter\CodeIgniter->run()
10 SYSTEMPATH\Boot.php(68): CodeIgniter\Boot::runCodeIgniter(Object(CodeIgniter\CodeIgniter))
11 FCPATH\index.php(59): CodeIgniter\Boot::bootWeb(Object(Config\Paths))
12 SYSTEMPATH\rewrite.php(44): require_once('C:\\xampp\\htdocs\\Tugas-UAS-Pemweb\\public\\index.php')
DEBUG - 2026-06-15 02:36:06 --> Session: Class initialized using 'CodeIgniter\Session\Handlers\FileHandler' driver.
DEBUG - 2026-06-15 02:36:08 --> Session: Class initialized using 'CodeIgniter\Session\Handlers\FileHandler' driver.
CRITICAL - 2026-06-15 02:36:08 --> CodeIgniter\View\Exceptions\ViewException: Invalid file: "App\Modules\Katalog\Views\form_jual.php"
[Method: GET, Route: profil/jual-kapal/bulk-carrier]
in SYSTEMPATH\Exceptions\FrameworkException.php on line 39.
 1 SYSTEMPATH\View\View.php(228): CodeIgniter\Exceptions\FrameworkException::forInvalidFile('App\\Modules\\Katalog\\Views\\form_jual.php')
 2 SYSTEMPATH\Common.php(1250): CodeIgniter\View\View->render('App\\Modules\\Katalog\\Views\\form_jual', [], true)
 3 APPPATH\Modules\Profil\Controllers\Profil.php(60): view('App\\Modules\\Katalog\\Views\\form_jual', [...])
 4 SYSTEMPATH\CodeIgniter.php(951): App\Modules\Profil\Controllers\Profil->formJual('bulk-carrier')
 5 SYSTEMPATH\CodeIgniter.php(497): CodeIgniter\CodeIgniter->runController(Object(App\Modules\Profil\Controllers\Profil))
 6 SYSTEMPATH\CodeIgniter.php(340): CodeIgniter\CodeIgniter->handleRequest(null, Object(Config\Cache), false)
 7 SYSTEMPATH\Boot.php(417): CodeIgniter\CodeIgniter->run()
 8 SYSTEMPATH\Boot.php(68): CodeIgniter\Boot::runCodeIgniter(Object(CodeIgniter\CodeIgniter))
 9 FCPATH\index.php(59): CodeIgniter\Boot::bootWeb(Object(Config\Paths))
10 SYSTEMPATH\rewrite.php(44): require_once('C:\\xampp\\htdocs\\Tugas-UAS-Pemweb\\public\\index.php')
DEBUG - 2026-06-15 02:36:20 --> Session: Class initialized using 'CodeIgniter\Session\Handlers\FileHandler' driver.
DEBUG - 2026-06-15 02:36:42 --> Session: Class initialized using 'CodeIgniter\Session\Handlers\FileHandler' driver.
WARNING - 2026-06-15 02:36:42 --> [DEPRECATED] substr(): Passing null to parameter #1 ($string) of type string is deprecated in APPPATH\Modules\Profil\Views\index.php on line 116.
 1 APPPATH\Modules\Profil\Views\index.php(116): substr(null, 0, 1)
 2 SYSTEMPATH\View\View.php(240): include('C:\\xampp\\htdocs\\Tugas-UAS-Pemweb\\app\\Modules\\Profil\\Views\\index.php')
 3 SYSTEMPATH\View\View.php(243): CodeIgniter\View\View->CodeIgniter\View\{closure}()
 4 SYSTEMPATH\Common.php(1250): CodeIgniter\View\View->render('App\\Modules\\Profil\\Views\\index', [], true)
 5 APPPATH\Modules\Profil\Controllers\Profil.php(34): view('App\\Modules\\Profil\\Views\\index', [...])
 6 SYSTEMPATH\CodeIgniter.php(951): App\Modules\Profil\Controllers\Profil->index()
 7 SYSTEMPATH\CodeIgniter.php(497): CodeIgniter\CodeIgniter->runController(Object(App\Modules\Profil\Controllers\Profil))
 8 SYSTEMPATH\CodeIgniter.php(340): CodeIgniter\CodeIgniter->handleRequest(null, Object(Config\Cache), false)
 9 SYSTEMPATH\Boot.php(417): CodeIgniter\CodeIgniter->run()
10 SYSTEMPATH\Boot.php(68): CodeIgniter\Boot::runCodeIgniter(Object(CodeIgniter\CodeIgniter))
11 FCPATH\index.php(59): CodeIgniter\Boot::bootWeb(Object(Config\Paths))
12 SYSTEMPATH\rewrite.php(44): require_once('C:\\xampp\\htdocs\\Tugas-UAS-Pemweb\\public\\index.php')
DEBUG - 2026-06-15 02:36:50 --> Session: Class initialized using 'CodeIgniter\Session\Handlers\FileHandler' driver.
